weight 1.0
1	1115.51
10	1109.96
100	1084.98
400	831.812
700	585.828
1000	381.736
