weight 1.0
1	1117
10	1117.59
100	1111.53
400	972.607
700	755.968
1000	535.997
